[INFO] Scanning for projects...
[INFO] 
[INFO] ------------------------< org.example:GainZone >------------------------
[INFO] Building GainZone 0.0.1-SNAPSHOT
[INFO]   from pom.xml
[INFO] --------------------------------[ jar ]---------------------------------
[INFO] 
[INFO] --- clean:3.3.2:clean (default-clean) @ GainZone ---
[INFO] Deleting C:\Users\BeeClick\Desktop\YouCode\GainZone-\backend\target
[INFO] 
[INFO] --- resources:3.3.1:resources (default-resources) @ GainZone ---
[INFO] Copying 1 resource from src\main\resources to target\classes
[INFO] Copying 1 resource from src\main\resources to target\classes
[INFO] 
[INFO] --- compiler:3.11.0:compile (default-compile) @ GainZone ---
[INFO] Changes detected - recompiling the module! :source
[INFO] Compiling 75 source files with javac [debug release 17] to target\classes
[INFO] -------------------------------------------------------------
[ERROR] COMPILATION ERROR : 
[INFO] -------------------------------------------------------------
[ERROR] /C:/Users/BeeClick/Desktop/YouCode/GainZone-/backend/src/main/java/org/example/gainzone/service/impl/OrderServiceImpl.java:[10,39] cannot access org.example.gainzone.repository.OrderRepository
  bad source file: C:\Users\BeeClick\Desktop\YouCode\GainZone-\backend\src\main\java\org\example\gainzone\repository\OrderRepository.java
    file does not contain class org.example.gainzone.repository.OrderRepository
    Please remove or make sure it appears in the correct subdirectory of the sourcepath.
[ERROR] /C:/Users/BeeClick/Desktop/YouCode/GainZone-/backend/src/main/java/org/example/gainzone/repository/OrderRepository.java:[9,8] duplicate class: OrderRepository
[ERROR] /C:/Users/BeeClick/Desktop/YouCode/GainZone-/backend/src/main/java/org/example/gainzone/service/impl/OrderServiceImpl.java:[27,23] cannot find symbol
  symbol:   class OrderRepository
  location: class org.example.gainzone.service.impl.OrderServiceImpl
[ERROR] /C:/Users/BeeClick/Desktop/YouCode/GainZone-/backend/src/main/java/org/example/gainzone/service/impl/DashboardServiceImpl.java:[28,19] cannot find symbol
  symbol:   class OrderRepository
  location: class org.example.gainzone.service.impl.DashboardServiceImpl
[ERROR] /C:/Users/BeeClick/Desktop/YouCode/GainZone-/backend/src/main/java/org/example/gainzone/entity/User.java:[23,8] org.example.gainzone.entity.User is not abstract and does not override abstract method getPassword() in org.springframework.security.core.userdetails.UserDetails
[ERROR] /C:/Users/BeeClick/Desktop/YouCode/GainZone-/backend/src/main/java/org/example/gainzone/service/impl/MorphologyAnalysisServiceImpl.java:[39,37] cannot find symbol
  symbol:   method getMemberProfile()
  location: variable user of type org.example.gainzone.entity.User
[ERROR] /C:/Users/BeeClick/Desktop/YouCode/GainZone-/backend/src/main/java/org/example/gainzone/service/impl/MorphologyAnalysisServiceImpl.java:[47,13] cannot find symbol
  symbol:   variable log
  location: class org.example.gainzone.service.impl.MorphologyAnalysisServiceImpl
[ERROR] /C:/Users/BeeClick/Desktop/YouCode/GainZone-/backend/src/main/java/org/example/gainzone/service/impl/MorphologyAnalysisServiceImpl.java:[70,20] cannot find symbol
  symbol:   method getProfileImageUrl()
  location: variable profile of type org.example.gainzone.entity.MemberProfile
[ERROR] /C:/Users/BeeClick/Desktop/YouCode/GainZone-/backend/src/main/java/org/example/gainzone/service/impl/MorphologyAnalysisServiceImpl.java:[70,61] cannot find symbol
  symbol:   method getProfileImageUrl()
  location: variable profile of type org.example.gainzone.entity.MemberProfile
[ERROR] /C:/Users/BeeClick/Desktop/YouCode/GainZone-/backend/src/main/java/org/example/gainzone/service/impl/MorphologyAnalysisServiceImpl.java:[72,44] cannot find symbol
  symbol:   method getProfileImageUrl()
  location: variable profile of type org.example.gainzone.entity.MemberProfile
[ERROR] /C:/Users/BeeClick/Desktop/YouCode/GainZone-/backend/src/main/java/org/example/gainzone/service/impl/MorphologyAnalysisServiceImpl.java:[80,53] cannot find symbol
  symbol:   method getAge()
  location: variable profile of type org.example.gainzone.entity.MemberProfile
[ERROR] /C:/Users/BeeClick/Desktop/YouCode/GainZone-/backend/src/main/java/org/example/gainzone/service/impl/MorphologyAnalysisServiceImpl.java:[81,56] cannot find symbol
  symbol:   method getGender()
  location: variable profile of type org.example.gainzone.entity.MemberProfile
[ERROR] /C:/Users/BeeClick/Desktop/YouCode/GainZone-/backend/src/main/java/org/example/gainzone/service/impl/MorphologyAnalysisServiceImpl.java:[82,56] cannot find symbol
  symbol:   method getWeight()
  location: variable profile of type org.example.gainzone.entity.MemberProfile
[ERROR] /C:/Users/BeeClick/Desktop/YouCode/GainZone-/backend/src/main/java/org/example/gainzone/service/impl/MorphologyAnalysisServiceImpl.java:[83,56] cannot find symbol
  symbol:   method getHeight()
  location: variable profile of type org.example.gainzone.entity.MemberProfile
[ERROR] /C:/Users/BeeClick/Desktop/YouCode/GainZone-/backend/src/main/java/org/example/gainzone/service/impl/MorphologyAnalysisServiceImpl.java:[84,54] cannot find symbol
  symbol:   method getGoal()
  location: variable profile of type org.example.gainzone.entity.MemberProfile
[ERROR] /C:/Users/BeeClick/Desktop/YouCode/GainZone-/backend/src/main/java/org/example/gainzone/service/impl/MorphologyAnalysisServiceImpl.java:[85,62] cannot find symbol
  symbol:   method getFitnessLevel()
  location: variable profile of type org.example.gainzone.entity.MemberProfile
[ERROR] /C:/Users/BeeClick/Desktop/YouCode/GainZone-/backend/src/main/java/org/example/gainzone/service/impl/MorphologyAnalysisServiceImpl.java:[91,16] cannot find symbol
  symbol:   variable log
  location: class org.example.gainzone.service.impl.MorphologyAnalysisServiceImpl
[ERROR] /C:/Users/BeeClick/Desktop/YouCode/GainZone-/backend/src/main/java/org/example/gainzone/service/impl/MorphologyAnalysisServiceImpl.java:[91,92] cannot find symbol
  symbol:   method getId()
  location: variable profile of type org.example.gainzone.entity.MemberProfile
[ERROR] /C:/Users/BeeClick/Desktop/YouCode/GainZone-/backend/src/main/java/org/example/gainzone/service/impl/MorphologyAnalysisServiceImpl.java:[94,53] cannot find symbol
  symbol:   method getAge()
  location: variable profile of type org.example.gainzone.entity.MemberProfile
[ERROR] /C:/Users/BeeClick/Desktop/YouCode/GainZone-/backend/src/main/java/org/example/gainzone/service/impl/MorphologyAnalysisServiceImpl.java:[95,56] cannot find symbol
  symbol:   method getGender()
  location: variable profile of type org.example.gainzone.entity.MemberProfile
[ERROR] /C:/Users/BeeClick/Desktop/YouCode/GainZone-/backend/src/main/java/org/example/gainzone/service/impl/MorphologyAnalysisServiceImpl.java:[96,56] cannot find symbol
  symbol:   method getWeight()
  location: variable profile of type org.example.gainzone.entity.MemberProfile
[ERROR] /C:/Users/BeeClick/Desktop/YouCode/GainZone-/backend/src/main/java/org/example/gainzone/service/impl/MorphologyAnalysisServiceImpl.java:[97,56] cannot find symbol
  symbol:   method getHeight()
  location: variable profile of type org.example.gainzone.entity.MemberProfile
[ERROR] /C:/Users/BeeClick/Desktop/YouCode/GainZone-/backend/src/main/java/org/example/gainzone/service/impl/MorphologyAnalysisServiceImpl.java:[98,54] cannot find symbol
  symbol:   method getGoal()
  location: variable profile of type org.example.gainzone.entity.MemberProfile
[ERROR] /C:/Users/BeeClick/Desktop/YouCode/GainZone-/backend/src/main/java/org/example/gainzone/service/impl/MorphologyAnalysisServiceImpl.java:[99,62] cannot find symbol
  symbol:   method getFitnessLevel()
  location: variable profile of type org.example.gainzone.entity.MemberProfile
[ERROR] /C:/Users/BeeClick/Desktop/YouCode/GainZone-/backend/src/main/java/org/example/gainzone/service/impl/MorphologyAnalysisServiceImpl.java:[107,50] cannot find symbol
  symbol:   method getAge()
  location: variable profile of type org.example.gainzone.entity.MemberProfile
[ERROR] /C:/Users/BeeClick/Desktop/YouCode/GainZone-/backend/src/main/java/org/example/gainzone/service/impl/MorphologyAnalysisServiceImpl.java:[108,53] cannot find symbol
  symbol:   method getGender()
  location: variable profile of type org.example.gainzone.entity.MemberProfile
[ERROR] /C:/Users/BeeClick/Desktop/YouCode/GainZone-/backend/src/main/java/org/example/gainzone/service/impl/MorphologyAnalysisServiceImpl.java:[109,53] cannot find symbol
  symbol:   method getWeight()
  location: variable profile of type org.example.gainzone.entity.MemberProfile
[ERROR] /C:/Users/BeeClick/Desktop/YouCode/GainZone-/backend/src/main/java/org/example/gainzone/service/impl/MorphologyAnalysisServiceImpl.java:[110,53] cannot find symbol
  symbol:   method getHeight()
  location: variable profile of type org.example.gainzone.entity.MemberProfile
[ERROR] /C:/Users/BeeClick/Desktop/YouCode/GainZone-/backend/src/main/java/org/example/gainzone/service/impl/MorphologyAnalysisServiceImpl.java:[111,51] cannot find symbol
  symbol:   method getGoal()
  location: variable profile of type org.example.gainzone.entity.MemberProfile
[ERROR] /C:/Users/BeeClick/Desktop/YouCode/GainZone-/backend/src/main/java/org/example/gainzone/service/impl/MorphologyAnalysisServiceImpl.java:[112,59] cannot find symbol
  symbol:   method getFitnessLevel()
  location: variable profile of type org.example.gainzone.entity.MemberProfile
[ERROR] /C:/Users/BeeClick/Desktop/YouCode/GainZone-/backend/src/main/java/org/example/gainzone/service/impl/MorphologyAnalysisServiceImpl.java:[130,13] cannot find symbol
  symbol:   variable log
  location: class org.example.gainzone.service.impl.MorphologyAnalysisServiceImpl
[ERROR] /C:/Users/BeeClick/Desktop/YouCode/GainZone-/backend/src/main/java/org/example/gainzone/service/impl/MorphologyAnalysisServiceImpl.java:[133,13] cannot find symbol
  symbol:   variable log
  location: class org.example.gainzone.service.impl.MorphologyAnalysisServiceImpl
[ERROR] /C:/Users/BeeClick/Desktop/YouCode/GainZone-/backend/src/main/java/org/example/gainzone/service/impl/MorphologyAnalysisServiceImpl.java:[139,9] cannot find symbol
  symbol:   variable log
  location: class org.example.gainzone.service.impl.MorphologyAnalysisServiceImpl
[ERROR] /C:/Users/BeeClick/Desktop/YouCode/GainZone-/backend/src/main/java/org/example/gainzone/service/AuthenticationService.java:[28,20] cannot find symbol
  symbol:   method getRole()
  location: variable request of type org.example.gainzone.dto.request.RegisterRequest
[ERROR] /C:/Users/BeeClick/Desktop/YouCode/GainZone-/backend/src/main/java/org/example/gainzone/service/AuthenticationService.java:[29,37] cannot find symbol
  symbol:   method getRole()
  location: variable request of type org.example.gainzone.dto.request.RegisterRequest
[ERROR] /C:/Users/BeeClick/Desktop/YouCode/GainZone-/backend/src/main/java/org/example/gainzone/service/AuthenticationService.java:[38,24] cannot find symbol
  symbol:   method builder()
  location: class org.example.gainzone.entity.User
[ERROR] /C:/Users/BeeClick/Desktop/YouCode/GainZone-/backend/src/main/java/org/example/gainzone/service/AuthenticationService.java:[39,34] cannot find symbol
  symbol:   method getUsername()
  location: variable request of type org.example.gainzone.dto.request.RegisterRequest
[ERROR] /C:/Users/BeeClick/Desktop/YouCode/GainZone-/backend/src/main/java/org/example/gainzone/service/AuthenticationService.java:[40,31] cannot find symbol
  symbol:   method getEmail()
  location: variable request of type org.example.gainzone.dto.request.RegisterRequest
[ERROR] /C:/Users/BeeClick/Desktop/YouCode/GainZone-/backend/src/main/java/org/example/gainzone/service/AuthenticationService.java:[41,57] cannot find symbol
  symbol:   method getPassword()
  location: variable request of type org.example.gainzone.dto.request.RegisterRequest
[ERROR] /C:/Users/BeeClick/Desktop/YouCode/GainZone-/backend/src/main/java/org/example/gainzone/service/AuthenticationService.java:[42,30] cannot find symbol
  symbol:   method getName()
  location: variable request of type org.example.gainzone.dto.request.RegisterRequest
[ERROR] /C:/Users/BeeClick/Desktop/YouCode/GainZone-/backend/src/main/java/org/example/gainzone/service/AuthenticationService.java:[43,34] cannot find symbol
  symbol:   method getLastName()
  location: variable request of type org.example.gainzone.dto.request.RegisterRequest
[ERROR] /C:/Users/BeeClick/Desktop/YouCode/GainZone-/backend/src/main/java/org/example/gainzone/service/AuthenticationService.java:[44,31] cannot find symbol
  symbol:   method getPhone()
  location: variable request of type org.example.gainzone.dto.request.RegisterRequest
[ERROR] /C:/Users/BeeClick/Desktop/YouCode/GainZone-/backend/src/main/java/org/example/gainzone/service/AuthenticationService.java:[52,28] cannot find symbol
  symbol:   method builder()
  location: class org.example.gainzone.dto.response.AuthResponse
[ERROR] /C:/Users/BeeClick/Desktop/YouCode/GainZone-/backend/src/main/java/org/example/gainzone/service/AuthenticationService.java:[63,32] cannot find symbol
  symbol:   method getEmail()
  location: variable request of type org.example.gainzone.dto.request.LoginRequest
[ERROR] /C:/Users/BeeClick/Desktop/YouCode/GainZone-/backend/src/main/java/org/example/gainzone/service/AuthenticationService.java:[64,32] cannot find symbol
  symbol:   method getPassword()
  location: variable request of type org.example.gainzone.dto.request.LoginRequest
[ERROR] /C:/Users/BeeClick/Desktop/YouCode/GainZone-/backend/src/main/java/org/example/gainzone/service/AuthenticationService.java:[66,54] cannot find symbol
  symbol:   method getEmail()
  location: variable request of type org.example.gainzone.dto.request.LoginRequest
[ERROR] /C:/Users/BeeClick/Desktop/YouCode/GainZone-/backend/src/main/java/org/example/gainzone/service/AuthenticationService.java:[73,28] cannot find symbol
  symbol:   method builder()
  location: class org.example.gainzone.dto.response.AuthResponse
[ERROR] /C:/Users/BeeClick/Desktop/YouCode/GainZone-/backend/src/main/java/org/example/gainzone/service/impl/OrderServiceImpl.java:[38,36] cannot find symbol
  symbol:   method builder()
  location: class org.example.gainzone.entity.Order
[ERROR] /C:/Users/BeeClick/Desktop/YouCode/GainZone-/backend/src/main/java/org/example/gainzone/service/impl/OrderServiceImpl.java:[52,36] cannot find symbol
  symbol:   method getStockQuantity()
  location: variable product of type org.example.gainzone.entity.Product
[ERROR] /C:/Users/BeeClick/Desktop/YouCode/GainZone-/backend/src/main/java/org/example/gainzone/service/impl/OrderServiceImpl.java:[53,108] cannot find symbol
  symbol:   method getName()
  location: variable product of type org.example.gainzone.entity.Product
[ERROR] /C:/Users/BeeClick/Desktop/YouCode/GainZone-/backend/src/main/java/org/example/gainzone/service/impl/OrderServiceImpl.java:[57,57] cannot find symbol
  symbol:   method getStockQuantity()
  location: variable product of type org.example.gainzone.entity.Product
[ERROR] /C:/Users/BeeClick/Desktop/YouCode/GainZone-/backend/src/main/java/org/example/gainzone/service/impl/OrderServiceImpl.java:[60,56] cannot find symbol
  symbol:   method builder()
  location: class org.example.gainzone.entity.OrderItem
[ERROR] /C:/Users/BeeClick/Desktop/YouCode/GainZone-/backend/src/main/java/org/example/gainzone/service/impl/OrderServiceImpl.java:[64,59] cannot find symbol
  symbol:   method getPrice()
  location: variable product of type org.example.gainzone.entity.Product
[ERROR] /C:/Users/BeeClick/Desktop/YouCode/GainZone-/backend/src/main/java/org/example/gainzone/service/impl/OrderServiceImpl.java:[67,30] cannot find symbol
  symbol:   method getOrderItems()
  location: variable order of type org.example.gainzone.entity.Order
[ERROR] /C:/Users/BeeClick/Desktop/YouCode/GainZone-/backend/src/main/java/org/example/gainzone/service/impl/OrderServiceImpl.java:[69,55] cannot find symbol
  symbol:   method getPrice()
  location: variable product of type org.example.gainzone.entity.Product
[ERROR] /C:/Users/BeeClick/Desktop/YouCode/GainZone-/backend/src/main/java/org/example/gainzone/service/impl/OrderServiceImpl.java:[73,22] cannot find symbol
  symbol:   method setTotalPrice(java.math.BigDecimal)
  location: variable order of type org.example.gainzone.entity.Order
[ERROR] /C:/Users/BeeClick/Desktop/YouCode/GainZone-/backend/src/main/java/org/example/gainzone/service/impl/OrderServiceImpl.java:[77,43] cannot find symbol
  symbol:   method getId()
  location: variable savedOrder of type org.example.gainzone.entity.Order
[ERROR] /C:/Users/BeeClick/Desktop/YouCode/GainZone-/backend/src/main/java/org/example/gainzone/service/impl/OrderServiceImpl.java:[78,43] cannot find symbol
  symbol:   method getTotalPrice()
  location: variable savedOrder of type org.example.gainzone.entity.Order
[ERROR] /C:/Users/BeeClick/Desktop/YouCode/GainZone-/backend/src/main/java/org/example/gainzone/service/impl/OrderServiceImpl.java:[79,43] cannot find symbol
  symbol:   method getOrderDate()
  location: variable savedOrder of type org.example.gainzone.entity.Order
[ERROR] /C:/Users/BeeClick/Desktop/YouCode/GainZone-/backend/src/main/java/org/example/gainzone/controller/AnalysisController.java:[25,87] cannot find symbol
  symbol:   method getId()
  location: variable user of type org.example.gainzone.entity.User
[ERROR] /C:/Users/BeeClick/Desktop/YouCode/GainZone-/backend/src/main/java/org/example/gainzone/service/impl/ActivityServiceImpl.java:[36,17] cannot find symbol
  symbol:   method setCoach(org.example.gainzone.entity.User)
  location: variable activity of type org.example.gainzone.entity.Activity
[ERROR] /C:/Users/BeeClick/Desktop/YouCode/GainZone-/backend/src/main/java/org/example/gainzone/service/impl/ActivityServiceImpl.java:[40,78] cannot find symbol
  symbol:   method getId()
  location: variable savedActivity of type org.example.gainzone.entity.Activity
[ERROR] /C:/Users/BeeClick/Desktop/YouCode/GainZone-/backend/src/main/java/org/example/gainzone/service/impl/ActivityServiceImpl.java:[91,21] cannot find symbol
  symbol:   method getParticipants()
  location: variable activity of type org.example.gainzone.entity.Activity
[ERROR] /C:/Users/BeeClick/Desktop/YouCode/GainZone-/backend/src/main/java/org/example/gainzone/service/impl/ActivityServiceImpl.java:[91,58] cannot find symbol
  symbol:   method getMaxParticipants()
  location: variable activity of type org.example.gainzone.entity.Activity
[ERROR] /C:/Users/BeeClick/Desktop/YouCode/GainZone-/backend/src/main/java/org/example/gainzone/service/impl/ActivityServiceImpl.java:[95,41] cannot find symbol
  symbol:   method getParticipants()
  location: variable activity of type org.example.gainzone.entity.Activity
[ERROR] /C:/Users/BeeClick/Desktop/YouCode/GainZone-/backend/src/main/java/org/example/gainzone/service/impl/ActivityServiceImpl.java:[96,53] cannot find symbol
  symbol:   method getId()
  location: variable user of type org.example.gainzone.entity.User
[ERROR] /C:/Users/BeeClick/Desktop/YouCode/GainZone-/backend/src/main/java/org/example/gainzone/service/impl/ActivityServiceImpl.java:[101,17] cannot find symbol
  symbol:   method getParticipants()
  location: variable activity of type org.example.gainzone.entity.Activity
[ERROR] /C:/Users/BeeClick/Desktop/YouCode/GainZone-/backend/src/main/java/org/example/gainzone/service/impl/ActivityServiceImpl.java:[117,17] cannot find symbol
  symbol:   method getId()
  location: variable user of type org.example.gainzone.entity.User
[ERROR] /C:/Users/BeeClick/Desktop/YouCode/GainZone-/backend/src/main/java/org/example/gainzone/service/impl/ActivityServiceImpl.java:[119,17] cannot find symbol
  symbol:   method getEmail()
  location: variable user of type org.example.gainzone.entity.User
[ERROR] /C:/Users/BeeClick/Desktop/YouCode/GainZone-/backend/src/main/java/org/example/gainzone/service/impl/ActivityServiceImpl.java:[120,17] cannot find symbol
  symbol:   method getName()
  location: variable user of type org.example.gainzone.entity.User
[ERROR] /C:/Users/BeeClick/Desktop/YouCode/GainZone-/backend/src/main/java/org/example/gainzone/service/impl/ActivityServiceImpl.java:[121,17] cannot find symbol
  symbol:   method getLastName()
  location: variable user of type org.example.gainzone.entity.User
[ERROR] /C:/Users/BeeClick/Desktop/YouCode/GainZone-/backend/src/main/java/org/example/gainzone/service/impl/ActivityServiceImpl.java:[122,17] cannot find symbol
  symbol:   method getRole()
  location: variable user of type org.example.gainzone.entity.User
[ERROR] /C:/Users/BeeClick/Desktop/YouCode/GainZone-/backend/src/main/java/org/example/gainzone/service/impl/ActivityServiceImpl.java:[123,17] cannot find symbol
  symbol:   method getPhone()
  location: variable user of type org.example.gainzone.entity.User
[ERROR] /C:/Users/BeeClick/Desktop/YouCode/GainZone-/backend/src/main/java/org/example/gainzone/service/impl/TrainingProgramServiceImpl.java:[40,24] cannot find symbol
  symbol:   method setCoach(org.example.gainzone.entity.User)
  location: variable trainingProgram of type org.example.gainzone.entity.TrainingProgram
[ERROR] /C:/Users/BeeClick/Desktop/YouCode/GainZone-/backend/src/main/java/org/example/gainzone/service/impl/TrainingProgramServiceImpl.java:[41,24] cannot find symbol
  symbol:   method setMember(org.example.gainzone.entity.User)
  location: variable trainingProgram of type org.example.gainzone.entity.TrainingProgram
[ERROR] /C:/Users/BeeClick/Desktop/YouCode/GainZone-/backend/src/main/java/org/example/gainzone/service/impl/TrainingProgramServiceImpl.java:[45,91] cannot find symbol
  symbol:   method getId()
  location: variable savedTrainingProgram of type org.example.gainzone.entity.TrainingProgram
[ERROR] /C:/Users/BeeClick/Desktop/YouCode/GainZone-/backend/src/main/java/org/example/gainzone/service/impl/TrainingProgramServiceImpl.java:[98,50] cannot find symbol
  symbol:   method getId()
  location: variable user of type org.example.gainzone.entity.User
[ERROR] /C:/Users/BeeClick/Desktop/YouCode/GainZone-/backend/src/main/java/org/example/gainzone/service/impl/UserServiceImpl.java:[25,55] cannot find symbol
  symbol:   method getEmail()
  location: variable registerRequest of type org.example.gainzone.dto.request.RegisterRequest
[ERROR] /C:/Users/BeeClick/Desktop/YouCode/GainZone-/backend/src/main/java/org/example/gainzone/service/impl/UserServiceImpl.java:[40,20] cannot find symbol
  symbol:   method getUsername()
  location: variable request of type org.example.gainzone.dto.request.UserUpdateRequest
[ERROR] /C:/Users/BeeClick/Desktop/YouCode/GainZone-/backend/src/main/java/org/example/gainzone/service/impl/UserServiceImpl.java:[40,68] cannot find symbol
  symbol:   method getUsername()
  location: variable request of type org.example.gainzone.dto.request.UserUpdateRequest
[ERROR] /C:/Users/BeeClick/Desktop/YouCode/GainZone-/backend/src/main/java/org/example/gainzone/service/impl/UserServiceImpl.java:[41,20] cannot find symbol
  symbol:   method getEmail()
  location: variable request of type org.example.gainzone.dto.request.UserUpdateRequest
[ERROR] /C:/Users/BeeClick/Desktop/YouCode/GainZone-/backend/src/main/java/org/example/gainzone/service/impl/UserServiceImpl.java:[41,62] cannot find symbol
  symbol:   method getEmail()
  location: variable request of type org.example.gainzone.dto.request.UserUpdateRequest
[ERROR] /C:/Users/BeeClick/Desktop/YouCode/GainZone-/backend/src/main/java/org/example/gainzone/service/impl/UserServiceImpl.java:[42,20] cannot find symbol
  symbol:   method getName()
  location: variable request of type org.example.gainzone.dto.request.UserUpdateRequest
[ERROR] /C:/Users/BeeClick/Desktop/YouCode/GainZone-/backend/src/main/java/org/example/gainzone/service/impl/UserServiceImpl.java:[42,60] cannot find symbol
  symbol:   method getName()
  location: variable request of type org.example.gainzone.dto.request.UserUpdateRequest
[ERROR] /C:/Users/BeeClick/Desktop/YouCode/GainZone-/backend/src/main/java/org/example/gainzone/service/impl/UserServiceImpl.java:[43,20] cannot find symbol
  symbol:   method getLastName()
  location: variable request of type org.example.gainzone.dto.request.UserUpdateRequest
[ERROR] /C:/Users/BeeClick/Desktop/YouCode/GainZone-/backend/src/main/java/org/example/gainzone/service/impl/UserServiceImpl.java:[43,68] cannot find symbol
  symbol:   method getLastName()
  location: variable request of type org.example.gainzone.dto.request.UserUpdateRequest
[ERROR] /C:/Users/BeeClick/Desktop/YouCode/GainZone-/backend/src/main/java/org/example/gainzone/service/impl/UserServiceImpl.java:[44,20] cannot find symbol
  symbol:   method getPhone()
  location: variable request of type org.example.gainzone.dto.request.UserUpdateRequest
[ERROR] /C:/Users/BeeClick/Desktop/YouCode/GainZone-/backend/src/main/java/org/example/gainzone/service/impl/UserServiceImpl.java:[44,62] cannot find symbol
  symbol:   method getPhone()
  location: variable request of type org.example.gainzone.dto.request.UserUpdateRequest
[ERROR] /C:/Users/BeeClick/Desktop/YouCode/GainZone-/backend/src/main/java/org/example/gainzone/service/impl/UserServiceImpl.java:[45,20] cannot find symbol
  symbol:   method getRole()
  location: variable request of type org.example.gainzone.dto.request.UserUpdateRequest
[ERROR] /C:/Users/BeeClick/Desktop/YouCode/GainZone-/backend/src/main/java/org/example/gainzone/service/impl/UserServiceImpl.java:[47,77] cannot find symbol
  symbol:   method getRole()
  location: variable request of type org.example.gainzone.dto.request.UserUpdateRequest
[ERROR] /C:/Users/BeeClick/Desktop/YouCode/GainZone-/backend/src/main/java/org/example/gainzone/service/impl/MemberServiceImpl.java:[27,37] cannot find symbol
  symbol:   method getMemberProfile()
  location: variable user of type org.example.gainzone.entity.User
[ERROR] /C:/Users/BeeClick/Desktop/YouCode/GainZone-/backend/src/main/java/org/example/gainzone/service/impl/MemberServiceImpl.java:[31,17] cannot find symbol
  symbol:   method setMemberProfile(org.example.gainzone.entity.MemberProfile)
  location: variable user of type org.example.gainzone.entity.User
[ERROR] /C:/Users/BeeClick/Desktop/YouCode/GainZone-/backend/src/main/java/org/example/gainzone/service/impl/MemberServiceImpl.java:[44,37] cannot find symbol
  symbol:   method getMemberProfile()
  location: variable user of type org.example.gainzone.entity.User
[ERROR] /C:/Users/BeeClick/Desktop/YouCode/GainZone-/backend/src/main/java/org/example/gainzone/service/impl/MemberServiceImpl.java:[47,17] cannot find symbol
  symbol:   method setMemberProfile(org.example.gainzone.entity.MemberProfile)
  location: variable user of type org.example.gainzone.entity.User
[ERROR] /C:/Users/BeeClick/Desktop/YouCode/GainZone-/backend/src/main/java/org/example/gainzone/service/impl/DashboardServiceImpl.java:[36,29] cannot find symbol
  symbol:   method getId()
  location: variable coach of type org.example.gainzone.entity.User
[INFO] 95 errors 
[INFO] -------------------------------------------------------------
[INFO] ------------------------------------------------------------------------
[INFO] BUILD FAILURE
[INFO] ------------------------------------------------------------------------
[INFO] Total time:  3.438 s
[INFO] Finished at: 2026-03-26T15:20:27+01:00
[INFO] ------------------------------------------------------------------------
[ERROR] Failed to execute goal org.apache.maven.plugins:maven-compiler-plugin:3.11.0:compile (default-compile) on project GainZone: Compilation failure: Compilation failure: 
[ERROR] /C:/Users/BeeClick/Desktop/YouCode/GainZone-/backend/src/main/java/org/example/gainzone/service/impl/OrderServiceImpl.java:[10,39] cannot access org.example.gainzone.repository.OrderRepository
[ERROR]   bad source file: C:\Users\BeeClick\Desktop\YouCode\GainZone-\backend\src\main\java\org\example\gainzone\repository\OrderRepository.java
[ERROR]     file does not contain class org.example.gainzone.repository.OrderRepository
[ERROR]     Please remove or make sure it appears in the correct subdirectory of the sourcepath.
[ERROR] /C:/Users/BeeClick/Desktop/YouCode/GainZone-/backend/src/main/java/org/example/gainzone/repository/OrderRepository.java:[9,8] duplicate class: OrderRepository
[ERROR] /C:/Users/BeeClick/Desktop/YouCode/GainZone-/backend/src/main/java/org/example/gainzone/service/impl/OrderServiceImpl.java:[27,23] cannot find symbol
[ERROR]   symbol:   class OrderRepository
[ERROR]   location: class org.example.gainzone.service.impl.OrderServiceImpl
[ERROR] /C:/Users/BeeClick/Desktop/YouCode/GainZone-/backend/src/main/java/org/example/gainzone/service/impl/DashboardServiceImpl.java:[28,19] cannot find symbol
[ERROR]   symbol:   class OrderRepository
[ERROR]   location: class org.example.gainzone.service.impl.DashboardServiceImpl
[ERROR] /C:/Users/BeeClick/Desktop/YouCode/GainZone-/backend/src/main/java/org/example/gainzone/entity/User.java:[23,8] org.example.gainzone.entity.User is not abstract and does not override abstract method getPassword() in org.springframework.security.core.userdetails.UserDetails
[ERROR] /C:/Users/BeeClick/Desktop/YouCode/GainZone-/backend/src/main/java/org/example/gainzone/service/impl/MorphologyAnalysisServiceImpl.java:[39,37] cannot find symbol
[ERROR]   symbol:   method getMemberProfile()
[ERROR]   location: variable user of type org.example.gainzone.entity.User
[ERROR] /C:/Users/BeeClick/Desktop/YouCode/GainZone-/backend/src/main/java/org/example/gainzone/service/impl/MorphologyAnalysisServiceImpl.java:[47,13] cannot find symbol
[ERROR]   symbol:   variable log
[ERROR]   location: class org.example.gainzone.service.impl.MorphologyAnalysisServiceImpl
[ERROR] /C:/Users/BeeClick/Desktop/YouCode/GainZone-/backend/src/main/java/org/example/gainzone/service/impl/MorphologyAnalysisServiceImpl.java:[70,20] cannot find symbol
[ERROR]   symbol:   method getProfileImageUrl()
[ERROR]   location: variable profile of type org.example.gainzone.entity.MemberProfile
[ERROR] /C:/Users/BeeClick/Desktop/YouCode/GainZone-/backend/src/main/java/org/example/gainzone/service/impl/MorphologyAnalysisServiceImpl.java:[70,61] cannot find symbol
[ERROR]   symbol:   method getProfileImageUrl()
[ERROR]   location: variable profile of type org.example.gainzone.entity.MemberProfile
[ERROR] /C:/Users/BeeClick/Desktop/YouCode/GainZone-/backend/src/main/java/org/example/gainzone/service/impl/MorphologyAnalysisServiceImpl.java:[72,44] cannot find symbol
[ERROR]   symbol:   method getProfileImageUrl()
[ERROR]   location: variable profile of type org.example.gainzone.entity.MemberProfile
[ERROR] /C:/Users/BeeClick/Desktop/YouCode/GainZone-/backend/src/main/java/org/example/gainzone/service/impl/MorphologyAnalysisServiceImpl.java:[80,53] cannot find symbol
[ERROR]   symbol:   method getAge()
[ERROR]   location: variable profile of type org.example.gainzone.entity.MemberProfile
[ERROR] /C:/Users/BeeClick/Desktop/YouCode/GainZone-/backend/src/main/java/org/example/gainzone/service/impl/MorphologyAnalysisServiceImpl.java:[81,56] cannot find symbol
[ERROR]   symbol:   method getGender()
[ERROR]   location: variable profile of type org.example.gainzone.entity.MemberProfile
[ERROR] /C:/Users/BeeClick/Desktop/YouCode/GainZone-/backend/src/main/java/org/example/gainzone/service/impl/MorphologyAnalysisServiceImpl.java:[82,56] cannot find symbol
[ERROR]   symbol:   method getWeight()
[ERROR]   location: variable profile of type org.example.gainzone.entity.MemberProfile
[ERROR] /C:/Users/BeeClick/Desktop/YouCode/GainZone-/backend/src/main/java/org/example/gainzone/service/impl/MorphologyAnalysisServiceImpl.java:[83,56] cannot find symbol
[ERROR]   symbol:   method getHeight()
[ERROR]   location: variable profile of type org.example.gainzone.entity.MemberProfile
[ERROR] /C:/Users/BeeClick/Desktop/YouCode/GainZone-/backend/src/main/java/org/example/gainzone/service/impl/MorphologyAnalysisServiceImpl.java:[84,54] cannot find symbol
[ERROR]   symbol:   method getGoal()
[ERROR]   location: variable profile of type org.example.gainzone.entity.MemberProfile
[ERROR] /C:/Users/BeeClick/Desktop/YouCode/GainZone-/backend/src/main/java/org/example/gainzone/service/impl/MorphologyAnalysisServiceImpl.java:[85,62] cannot find symbol
[ERROR]   symbol:   method getFitnessLevel()
[ERROR]   location: variable profile of type org.example.gainzone.entity.MemberProfile
[ERROR] /C:/Users/BeeClick/Desktop/YouCode/GainZone-/backend/src/main/java/org/example/gainzone/service/impl/MorphologyAnalysisServiceImpl.java:[91,16] cannot find symbol
[ERROR]   symbol:   variable log
[ERROR]   location: class org.example.gainzone.service.impl.MorphologyAnalysisServiceImpl
[ERROR] /C:/Users/BeeClick/Desktop/YouCode/GainZone-/backend/src/main/java/org/example/gainzone/service/impl/MorphologyAnalysisServiceImpl.java:[91,92] cannot find symbol
[ERROR]   symbol:   method getId()
[ERROR]   location: variable profile of type org.example.gainzone.entity.MemberProfile
[ERROR] /C:/Users/BeeClick/Desktop/YouCode/GainZone-/backend/src/main/java/org/example/gainzone/service/impl/MorphologyAnalysisServiceImpl.java:[94,53] cannot find symbol
[ERROR]   symbol:   method getAge()
[ERROR]   location: variable profile of type org.example.gainzone.entity.MemberProfile
[ERROR] /C:/Users/BeeClick/Desktop/YouCode/GainZone-/backend/src/main/java/org/example/gainzone/service/impl/MorphologyAnalysisServiceImpl.java:[95,56] cannot find symbol
[ERROR]   symbol:   method getGender()
[ERROR]   location: variable profile of type org.example.gainzone.entity.MemberProfile
[ERROR] /C:/Users/BeeClick/Desktop/YouCode/GainZone-/backend/src/main/java/org/example/gainzone/service/impl/MorphologyAnalysisServiceImpl.java:[96,56] cannot find symbol
[ERROR]   symbol:   method getWeight()
[ERROR]   location: variable profile of type org.example.gainzone.entity.MemberProfile
[ERROR] /C:/Users/BeeClick/Desktop/YouCode/GainZone-/backend/src/main/java/org/example/gainzone/service/impl/MorphologyAnalysisServiceImpl.java:[97,56] cannot find symbol
[ERROR]   symbol:   method getHeight()
[ERROR]   location: variable profile of type org.example.gainzone.entity.MemberProfile
[ERROR] /C:/Users/BeeClick/Desktop/YouCode/GainZone-/backend/src/main/java/org/example/gainzone/service/impl/MorphologyAnalysisServiceImpl.java:[98,54] cannot find symbol
[ERROR]   symbol:   method getGoal()
[ERROR]   location: variable profile of type org.example.gainzone.entity.MemberProfile
[ERROR] /C:/Users/BeeClick/Desktop/YouCode/GainZone-/backend/src/main/java/org/example/gainzone/service/impl/MorphologyAnalysisServiceImpl.java:[99,62] cannot find symbol
[ERROR]   symbol:   method getFitnessLevel()
[ERROR]   location: variable profile of type org.example.gainzone.entity.MemberProfile
[ERROR] /C:/Users/BeeClick/Desktop/YouCode/GainZone-/backend/src/main/java/org/example/gainzone/service/impl/MorphologyAnalysisServiceImpl.java:[107,50] cannot find symbol
[ERROR]   symbol:   method getAge()
[ERROR]   location: variable profile of type org.example.gainzone.entity.MemberProfile
[ERROR] /C:/Users/BeeClick/Desktop/YouCode/GainZone-/backend/src/main/java/org/example/gainzone/service/impl/MorphologyAnalysisServiceImpl.java:[108,53] cannot find symbol
[ERROR]   symbol:   method getGender()
[ERROR]   location: variable profile of type org.example.gainzone.entity.MemberProfile
[ERROR] /C:/Users/BeeClick/Desktop/YouCode/GainZone-/backend/src/main/java/org/example/gainzone/service/impl/MorphologyAnalysisServiceImpl.java:[109,53] cannot find symbol
[ERROR]   symbol:   method getWeight()
[ERROR]   location: variable profile of type org.example.gainzone.entity.MemberProfile
[ERROR] /C:/Users/BeeClick/Desktop/YouCode/GainZone-/backend/src/main/java/org/example/gainzone/service/impl/MorphologyAnalysisServiceImpl.java:[110,53] cannot find symbol
[ERROR]   symbol:   method getHeight()
[ERROR]   location: variable profile of type org.example.gainzone.entity.MemberProfile
[ERROR] /C:/Users/BeeClick/Desktop/YouCode/GainZone-/backend/src/main/java/org/example/gainzone/service/impl/MorphologyAnalysisServiceImpl.java:[111,51] cannot find symbol
[ERROR]   symbol:   method getGoal()
[ERROR]   location: variable profile of type org.example.gainzone.entity.MemberProfile
[ERROR] /C:/Users/BeeClick/Desktop/YouCode/GainZone-/backend/src/main/java/org/example/gainzone/service/impl/MorphologyAnalysisServiceImpl.java:[112,59] cannot find symbol
[ERROR]   symbol:   method getFitnessLevel()
[ERROR]   location: variable profile of type org.example.gainzone.entity.MemberProfile
[ERROR] /C:/Users/BeeClick/Desktop/YouCode/GainZone-/backend/src/main/java/org/example/gainzone/service/impl/MorphologyAnalysisServiceImpl.java:[130,13] cannot find symbol
[ERROR]   symbol:   variable log
[ERROR]   location: class org.example.gainzone.service.impl.MorphologyAnalysisServiceImpl
[ERROR] /C:/Users/BeeClick/Desktop/YouCode/GainZone-/backend/src/main/java/org/example/gainzone/service/impl/MorphologyAnalysisServiceImpl.java:[133,13] cannot find symbol
[ERROR]   symbol:   variable log
[ERROR]   location: class org.example.gainzone.service.impl.MorphologyAnalysisServiceImpl
[ERROR] /C:/Users/BeeClick/Desktop/YouCode/GainZone-/backend/src/main/java/org/example/gainzone/service/impl/MorphologyAnalysisServiceImpl.java:[139,9] cannot find symbol
[ERROR]   symbol:   variable log
[ERROR]   location: class org.example.gainzone.service.impl.MorphologyAnalysisServiceImpl
[ERROR] /C:/Users/BeeClick/Desktop/YouCode/GainZone-/backend/src/main/java/org/example/gainzone/service/AuthenticationService.java:[28,20] cannot find symbol
[ERROR]   symbol:   method getRole()
[ERROR]   location: variable request of type org.example.gainzone.dto.request.RegisterRequest
[ERROR] /C:/Users/BeeClick/Desktop/YouCode/GainZone-/backend/src/main/java/org/example/gainzone/service/AuthenticationService.java:[29,37] cannot find symbol
[ERROR]   symbol:   method getRole()
[ERROR]   location: variable request of type org.example.gainzone.dto.request.RegisterRequest
[ERROR] /C:/Users/BeeClick/Desktop/YouCode/GainZone-/backend/src/main/java/org/example/gainzone/service/AuthenticationService.java:[38,24] cannot find symbol
[ERROR]   symbol:   method builder()
[ERROR]   location: class org.example.gainzone.entity.User
[ERROR] /C:/Users/BeeClick/Desktop/YouCode/GainZone-/backend/src/main/java/org/example/gainzone/service/AuthenticationService.java:[39,34] cannot find symbol
[ERROR]   symbol:   method getUsername()
[ERROR]   location: variable request of type org.example.gainzone.dto.request.RegisterRequest
[ERROR] /C:/Users/BeeClick/Desktop/YouCode/GainZone-/backend/src/main/java/org/example/gainzone/service/AuthenticationService.java:[40,31] cannot find symbol
[ERROR]   symbol:   method getEmail()
[ERROR]   location: variable request of type org.example.gainzone.dto.request.RegisterRequest
[ERROR] /C:/Users/BeeClick/Desktop/YouCode/GainZone-/backend/src/main/java/org/example/gainzone/service/AuthenticationService.java:[41,57] cannot find symbol
[ERROR]   symbol:   method getPassword()
[ERROR]   location: variable request of type org.example.gainzone.dto.request.RegisterRequest
[ERROR] /C:/Users/BeeClick/Desktop/YouCode/GainZone-/backend/src/main/java/org/example/gainzone/service/AuthenticationService.java:[42,30] cannot find symbol
[ERROR]   symbol:   method getName()
[ERROR]   location: variable request of type org.example.gainzone.dto.request.RegisterRequest
[ERROR] /C:/Users/BeeClick/Desktop/YouCode/GainZone-/backend/src/main/java/org/example/gainzone/service/AuthenticationService.java:[43,34] cannot find symbol
[ERROR]   symbol:   method getLastName()
[ERROR]   location: variable request of type org.example.gainzone.dto.request.RegisterRequest
[ERROR] /C:/Users/BeeClick/Desktop/YouCode/GainZone-/backend/src/main/java/org/example/gainzone/service/AuthenticationService.java:[44,31] cannot find symbol
[ERROR]   symbol:   method getPhone()
[ERROR]   location: variable request of type org.example.gainzone.dto.request.RegisterRequest
[ERROR] /C:/Users/BeeClick/Desktop/YouCode/GainZone-/backend/src/main/java/org/example/gainzone/service/AuthenticationService.java:[52,28] cannot find symbol
[ERROR]   symbol:   method builder()
[ERROR]   location: class org.example.gainzone.dto.response.AuthResponse
[ERROR] /C:/Users/BeeClick/Desktop/YouCode/GainZone-/backend/src/main/java/org/example/gainzone/service/AuthenticationService.java:[63,32] cannot find symbol
[ERROR]   symbol:   method getEmail()
[ERROR]   location: variable request of type org.example.gainzone.dto.request.LoginRequest
[ERROR] /C:/Users/BeeClick/Desktop/YouCode/GainZone-/backend/src/main/java/org/example/gainzone/service/AuthenticationService.java:[64,32] cannot find symbol
[ERROR]   symbol:   method getPassword()
[ERROR]   location: variable request of type org.example.gainzone.dto.request.LoginRequest
[ERROR] /C:/Users/BeeClick/Desktop/YouCode/GainZone-/backend/src/main/java/org/example/gainzone/service/AuthenticationService.java:[66,54] cannot find symbol
[ERROR]   symbol:   method getEmail()
[ERROR]   location: variable request of type org.example.gainzone.dto.request.LoginRequest
[ERROR] /C:/Users/BeeClick/Desktop/YouCode/GainZone-/backend/src/main/java/org/example/gainzone/service/AuthenticationService.java:[73,28] cannot find symbol
[ERROR]   symbol:   method builder()
[ERROR]   location: class org.example.gainzone.dto.response.AuthResponse
[ERROR] /C:/Users/BeeClick/Desktop/YouCode/GainZone-/backend/src/main/java/org/example/gainzone/service/impl/OrderServiceImpl.java:[38,36] cannot find symbol
[ERROR]   symbol:   method builder()
[ERROR]   location: class org.example.gainzone.entity.Order
[ERROR] /C:/Users/BeeClick/Desktop/YouCode/GainZone-/backend/src/main/java/org/example/gainzone/service/impl/OrderServiceImpl.java:[52,36] cannot find symbol
[ERROR]   symbol:   method getStockQuantity()
[ERROR]   location: variable product of type org.example.gainzone.entity.Product
[ERROR] /C:/Users/BeeClick/Desktop/YouCode/GainZone-/backend/src/main/java/org/example/gainzone/service/impl/OrderServiceImpl.java:[53,108] cannot find symbol
[ERROR]   symbol:   method getName()
[ERROR]   location: variable product of type org.example.gainzone.entity.Product
[ERROR] /C:/Users/BeeClick/Desktop/YouCode/GainZone-/backend/src/main/java/org/example/gainzone/service/impl/OrderServiceImpl.java:[57,57] cannot find symbol
[ERROR]   symbol:   method getStockQuantity()
[ERROR]   location: variable product of type org.example.gainzone.entity.Product
[ERROR] /C:/Users/BeeClick/Desktop/YouCode/GainZone-/backend/src/main/java/org/example/gainzone/service/impl/OrderServiceImpl.java:[60,56] cannot find symbol
[ERROR]   symbol:   method builder()
[ERROR]   location: class org.example.gainzone.entity.OrderItem
[ERROR] /C:/Users/BeeClick/Desktop/YouCode/GainZone-/backend/src/main/java/org/example/gainzone/service/impl/OrderServiceImpl.java:[64,59] cannot find symbol
[ERROR]   symbol:   method getPrice()
[ERROR]   location: variable product of type org.example.gainzone.entity.Product
[ERROR] /C:/Users/BeeClick/Desktop/YouCode/GainZone-/backend/src/main/java/org/example/gainzone/service/impl/OrderServiceImpl.java:[67,30] cannot find symbol
[ERROR]   symbol:   method getOrderItems()
[ERROR]   location: variable order of type org.example.gainzone.entity.Order
[ERROR] /C:/Users/BeeClick/Desktop/YouCode/GainZone-/backend/src/main/java/org/example/gainzone/service/impl/OrderServiceImpl.java:[69,55] cannot find symbol
[ERROR]   symbol:   method getPrice()
[ERROR]   location: variable product of type org.example.gainzone.entity.Product
[ERROR] /C:/Users/BeeClick/Desktop/YouCode/GainZone-/backend/src/main/java/org/example/gainzone/service/impl/OrderServiceImpl.java:[73,22] cannot find symbol
[ERROR]   symbol:   method setTotalPrice(java.math.BigDecimal)
[ERROR]   location: variable order of type org.example.gainzone.entity.Order
[ERROR] /C:/Users/BeeClick/Desktop/YouCode/GainZone-/backend/src/main/java/org/example/gainzone/service/impl/OrderServiceImpl.java:[77,43] cannot find symbol
[ERROR]   symbol:   method getId()
[ERROR]   location: variable savedOrder of type org.example.gainzone.entity.Order
[ERROR] /C:/Users/BeeClick/Desktop/YouCode/GainZone-/backend/src/main/java/org/example/gainzone/service/impl/OrderServiceImpl.java:[78,43] cannot find symbol
[ERROR]   symbol:   method getTotalPrice()
[ERROR]   location: variable savedOrder of type org.example.gainzone.entity.Order
[ERROR] /C:/Users/BeeClick/Desktop/YouCode/GainZone-/backend/src/main/java/org/example/gainzone/service/impl/OrderServiceImpl.java:[79,43] cannot find symbol
[ERROR]   symbol:   method getOrderDate()
[ERROR]   location: variable savedOrder of type org.example.gainzone.entity.Order
[ERROR] /C:/Users/BeeClick/Desktop/YouCode/GainZone-/backend/src/main/java/org/example/gainzone/controller/AnalysisController.java:[25,87] cannot find symbol
[ERROR]   symbol:   method getId()
[ERROR]   location: variable user of type org.example.gainzone.entity.User
[ERROR] /C:/Users/BeeClick/Desktop/YouCode/GainZone-/backend/src/main/java/org/example/gainzone/service/impl/ActivityServiceImpl.java:[36,17] cannot find symbol
[ERROR]   symbol:   method setCoach(org.example.gainzone.entity.User)
[ERROR]   location: variable activity of type org.example.gainzone.entity.Activity
[ERROR] /C:/Users/BeeClick/Desktop/YouCode/GainZone-/backend/src/main/java/org/example/gainzone/service/impl/ActivityServiceImpl.java:[40,78] cannot find symbol
[ERROR]   symbol:   method getId()
[ERROR]   location: variable savedActivity of type org.example.gainzone.entity.Activity
[ERROR] /C:/Users/BeeClick/Desktop/YouCode/GainZone-/backend/src/main/java/org/example/gainzone/service/impl/ActivityServiceImpl.java:[91,21] cannot find symbol
[ERROR]   symbol:   method getParticipants()
[ERROR]   location: variable activity of type org.example.gainzone.entity.Activity
[ERROR] /C:/Users/BeeClick/Desktop/YouCode/GainZone-/backend/src/main/java/org/example/gainzone/service/impl/ActivityServiceImpl.java:[91,58] cannot find symbol
[ERROR]   symbol:   method getMaxParticipants()
[ERROR]   location: variable activity of type org.example.gainzone.entity.Activity
[ERROR] /C:/Users/BeeClick/Desktop/YouCode/GainZone-/backend/src/main/java/org/example/gainzone/service/impl/ActivityServiceImpl.java:[95,41] cannot find symbol
[ERROR]   symbol:   method getParticipants()
[ERROR]   location: variable activity of type org.example.gainzone.entity.Activity
[ERROR] /C:/Users/BeeClick/Desktop/YouCode/GainZone-/backend/src/main/java/org/example/gainzone/service/impl/ActivityServiceImpl.java:[96,53] cannot find symbol
[ERROR]   symbol:   method getId()
[ERROR]   location: variable user of type org.example.gainzone.entity.User
[ERROR] /C:/Users/BeeClick/Desktop/YouCode/GainZone-/backend/src/main/java/org/example/gainzone/service/impl/ActivityServiceImpl.java:[101,17] cannot find symbol
[ERROR]   symbol:   method getParticipants()
[ERROR]   location: variable activity of type org.example.gainzone.entity.Activity
[ERROR] /C:/Users/BeeClick/Desktop/YouCode/GainZone-/backend/src/main/java/org/example/gainzone/service/impl/ActivityServiceImpl.java:[117,17] cannot find symbol
[ERROR]   symbol:   method getId()
[ERROR]   location: variable user of type org.example.gainzone.entity.User
[ERROR] /C:/Users/BeeClick/Desktop/YouCode/GainZone-/backend/src/main/java/org/example/gainzone/service/impl/ActivityServiceImpl.java:[119,17] cannot find symbol
[ERROR]   symbol:   method getEmail()
[ERROR]   location: variable user of type org.example.gainzone.entity.User
[ERROR] /C:/Users/BeeClick/Desktop/YouCode/GainZone-/backend/src/main/java/org/example/gainzone/service/impl/ActivityServiceImpl.java:[120,17] cannot find symbol
[ERROR]   symbol:   method getName()
[ERROR]   location: variable user of type org.example.gainzone.entity.User
[ERROR] /C:/Users/BeeClick/Desktop/YouCode/GainZone-/backend/src/main/java/org/example/gainzone/service/impl/ActivityServiceImpl.java:[121,17] cannot find symbol
[ERROR]   symbol:   method getLastName()
[ERROR]   location: variable user of type org.example.gainzone.entity.User
[ERROR] /C:/Users/BeeClick/Desktop/YouCode/GainZone-/backend/src/main/java/org/example/gainzone/service/impl/ActivityServiceImpl.java:[122,17] cannot find symbol
[ERROR]   symbol:   method getRole()
[ERROR]   location: variable user of type org.example.gainzone.entity.User
[ERROR] /C:/Users/BeeClick/Desktop/YouCode/GainZone-/backend/src/main/java/org/example/gainzone/service/impl/ActivityServiceImpl.java:[123,17] cannot find symbol
[ERROR]   symbol:   method getPhone()
[ERROR]   location: variable user of type org.example.gainzone.entity.User
[ERROR] /C:/Users/BeeClick/Desktop/YouCode/GainZone-/backend/src/main/java/org/example/gainzone/service/impl/TrainingProgramServiceImpl.java:[40,24] cannot find symbol
[ERROR]   symbol:   method setCoach(org.example.gainzone.entity.User)
[ERROR]   location: variable trainingProgram of type org.example.gainzone.entity.TrainingProgram
[ERROR] /C:/Users/BeeClick/Desktop/YouCode/GainZone-/backend/src/main/java/org/example/gainzone/service/impl/TrainingProgramServiceImpl.java:[41,24] cannot find symbol
[ERROR]   symbol:   method setMember(org.example.gainzone.entity.User)
[ERROR]   location: variable trainingProgram of type org.example.gainzone.entity.TrainingProgram
[ERROR] /C:/Users/BeeClick/Desktop/YouCode/GainZone-/backend/src/main/java/org/example/gainzone/service/impl/TrainingProgramServiceImpl.java:[45,91] cannot find symbol
[ERROR]   symbol:   method getId()
[ERROR]   location: variable savedTrainingProgram of type org.example.gainzone.entity.TrainingProgram
[ERROR] /C:/Users/BeeClick/Desktop/YouCode/GainZone-/backend/src/main/java/org/example/gainzone/service/impl/TrainingProgramServiceImpl.java:[98,50] cannot find symbol
[ERROR]   symbol:   method getId()
[ERROR]   location: variable user of type org.example.gainzone.entity.User
[ERROR] /C:/Users/BeeClick/Desktop/YouCode/GainZone-/backend/src/main/java/org/example/gainzone/service/impl/UserServiceImpl.java:[25,55] cannot find symbol
[ERROR]   symbol:   method getEmail()
[ERROR]   location: variable registerRequest of type org.example.gainzone.dto.request.RegisterRequest
[ERROR] /C:/Users/BeeClick/Desktop/YouCode/GainZone-/backend/src/main/java/org/example/gainzone/service/impl/UserServiceImpl.java:[40,20] cannot find symbol
[ERROR]   symbol:   method getUsername()
[ERROR]   location: variable request of type org.example.gainzone.dto.request.UserUpdateRequest
[ERROR] /C:/Users/BeeClick/Desktop/YouCode/GainZone-/backend/src/main/java/org/example/gainzone/service/impl/UserServiceImpl.java:[40,68] cannot find symbol
[ERROR]   symbol:   method getUsername()
[ERROR]   location: variable request of type org.example.gainzone.dto.request.UserUpdateRequest
[ERROR] /C:/Users/BeeClick/Desktop/YouCode/GainZone-/backend/src/main/java/org/example/gainzone/service/impl/UserServiceImpl.java:[41,20] cannot find symbol
[ERROR]   symbol:   method getEmail()
[ERROR]   location: variable request of type org.example.gainzone.dto.request.UserUpdateRequest
[ERROR] /C:/Users/BeeClick/Desktop/YouCode/GainZone-/backend/src/main/java/org/example/gainzone/service/impl/UserServiceImpl.java:[41,62] cannot find symbol
[ERROR]   symbol:   method getEmail()
[ERROR]   location: variable request of type org.example.gainzone.dto.request.UserUpdateRequest
[ERROR] /C:/Users/BeeClick/Desktop/YouCode/GainZone-/backend/src/main/java/org/example/gainzone/service/impl/UserServiceImpl.java:[42,20] cannot find symbol
[ERROR]   symbol:   method getName()
[ERROR]   location: variable request of type org.example.gainzone.dto.request.UserUpdateRequest
[ERROR] /C:/Users/BeeClick/Desktop/YouCode/GainZone-/backend/src/main/java/org/example/gainzone/service/impl/UserServiceImpl.java:[42,60] cannot find symbol
[ERROR]   symbol:   method getName()
[ERROR]   location: variable request of type org.example.gainzone.dto.request.UserUpdateRequest
[ERROR] /C:/Users/BeeClick/Desktop/YouCode/GainZone-/backend/src/main/java/org/example/gainzone/service/impl/UserServiceImpl.java:[43,20] cannot find symbol
[ERROR]   symbol:   method getLastName()
[ERROR]   location: variable request of type org.example.gainzone.dto.request.UserUpdateRequest
[ERROR] /C:/Users/BeeClick/Desktop/YouCode/GainZone-/backend/src/main/java/org/example/gainzone/service/impl/UserServiceImpl.java:[43,68] cannot find symbol
[ERROR]   symbol:   method getLastName()
[ERROR]   location: variable request of type org.example.gainzone.dto.request.UserUpdateRequest
[ERROR] /C:/Users/BeeClick/Desktop/YouCode/GainZone-/backend/src/main/java/org/example/gainzone/service/impl/UserServiceImpl.java:[44,20] cannot find symbol
[ERROR]   symbol:   method getPhone()
[ERROR]   location: variable request of type org.example.gainzone.dto.request.UserUpdateRequest
[ERROR] /C:/Users/BeeClick/Desktop/YouCode/GainZone-/backend/src/main/java/org/example/gainzone/service/impl/UserServiceImpl.java:[44,62] cannot find symbol
[ERROR]   symbol:   method getPhone()
[ERROR]   location: variable request of type org.example.gainzone.dto.request.UserUpdateRequest
[ERROR] /C:/Users/BeeClick/Desktop/YouCode/GainZone-/backend/src/main/java/org/example/gainzone/service/impl/UserServiceImpl.java:[45,20] cannot find symbol
[ERROR]   symbol:   method getRole()
[ERROR]   location: variable request of type org.example.gainzone.dto.request.UserUpdateRequest
[ERROR] /C:/Users/BeeClick/Desktop/YouCode/GainZone-/backend/src/main/java/org/example/gainzone/service/impl/UserServiceImpl.java:[47,77] cannot find symbol
[ERROR]   symbol:   method getRole()
[ERROR]   location: variable request of type org.example.gainzone.dto.request.UserUpdateRequest
[ERROR] /C:/Users/BeeClick/Desktop/YouCode/GainZone-/backend/src/main/java/org/example/gainzone/service/impl/MemberServiceImpl.java:[27,37] cannot find symbol
[ERROR]   symbol:   method getMemberProfile()
[ERROR]   location: variable user of type org.example.gainzone.entity.User
[ERROR] /C:/Users/BeeClick/Desktop/YouCode/GainZone-/backend/src/main/java/org/example/gainzone/service/impl/MemberServiceImpl.java:[31,17] cannot find symbol
[ERROR]   symbol:   method setMemberProfile(org.example.gainzone.entity.MemberProfile)
[ERROR]   location: variable user of type org.example.gainzone.entity.User
[ERROR] /C:/Users/BeeClick/Desktop/YouCode/GainZone-/backend/src/main/java/org/example/gainzone/service/impl/MemberServiceImpl.java:[44,37] cannot find symbol
[ERROR]   symbol:   method getMemberProfile()
[ERROR]   location: variable user of type org.example.gainzone.entity.User
[ERROR] /C:/Users/BeeClick/Desktop/YouCode/GainZone-/backend/src/main/java/org/example/gainzone/service/impl/MemberServiceImpl.java:[47,17] cannot find symbol
[ERROR]   symbol:   method setMemberProfile(org.example.gainzone.entity.MemberProfile)
[ERROR]   location: variable user of type org.example.gainzone.entity.User
[ERROR] /C:/Users/BeeClick/Desktop/YouCode/GainZone-/backend/src/main/java/org/example/gainzone/service/impl/DashboardServiceImpl.java:[36,29] cannot find symbol
[ERROR]   symbol:   method getId()
[ERROR]   location: variable coach of type org.example.gainzone.entity.User
[ERROR] -> [Help 1]
[ERROR] 
[ERROR] To see the full stack trace of the errors, re-run Maven with the -e switch.
[ERROR] Re-run Maven using the -X switch to enable full debug logging.
[ERROR] 
[ERROR] For more information about the errors and possible solutions, please read the following articles:
[ERROR] [Help 1] http://cwiki.apache.org/confluence/display/MAVEN/MojoFailureException
